// Jest Snapshot v1, https://goo.gl/fbAQLP

exports[`Testing App render correctly 1`] = `
<div
  className="App"
>
  <h1>
    My Topics Challenge
  </h1>
  <div
    className="Container"
  >
    <div
      className="Col"
    />
  </div>
</div>
`;
